# The kernel's burn-down list against termlens: one `fixture/aspect` per line (tests/oracle.rs).
# Lower is better, and it only shrinks — a key that stops disagreeing must be removed.
# Seeded 2026-09-19 at 21.
#   21 → 7  slice 3a: surfaced what vt100 0.15 tracks (grid rows — the wrap/text defect — cursor
#           position and visibility, italic/underline/reverse, title, alternate screen, input modes).
#    7 → 3  slice 3b: vt100 0.16 and its callbacks — cursor shape (DECSCUSR), the query responder
#           (DA1 here; DA2, DSR, CPR and text-area size agreed on first contact), dim.
# What remains: the SGR attributes vt100 0.16 parses and drops.

sgr_attrs/cell(0,4).blink
sgr_attrs/cell(0,6).conceal
sgr_attrs/cell(0,7).strikethrough
